// Jest Snapshot v1, https://goo.gl/fbAQLP

exports[`<App /> 1`] = `
Object {
  "asFragment": [Function],
  "baseElement": <body>
    <div>
      <div
        class="sc-bdnxRM bNYgnN"
      >
        <div
          class="sc-gtsrHT liWHHl"
        >
          <div
            class="sc-dlnjwi ffTWPa"
          >
            0
          </div>
        </div>
        <div
          class="sc-eCApnc diESMJ"
        >
          <button
            class="sc-hKFxyN kSWias"
            color="darkGray"
          >
            AC
          </button>
          <button
            class="sc-hKFxyN kSWias"
            color="darkGray"
          >
            +/-
          </button>
          <button
            class="sc-hKFxyN kSWias"
            color="darkGray"
          >
            %
          </button>
          <button
            class="sc-hKFxyN ekGPPR"
            color="gold"
          >
            /
          </button>
          <button
            class="sc-hKFxyN eZTReh"
            color="gray"
          >
            7
          </button>
          <button
            class="sc-hKFxyN eZTReh"
            color="gray"
          >
            8
          </button>
          <button
            class="sc-hKFxyN eZTReh"
            color="gray"
          >
            9
          </button>
          <button
            class="sc-hKFxyN ekGPPR"
            color="gold"
          >
            X
          </button>
          <button
            class="sc-hKFxyN eZTReh"
            color="gray"
          >
            4
          </button>
          <button
            class="sc-hKFxyN eZTReh"
            color="gray"
          >
            5
          </button>
          <button
            class="sc-hKFxyN eZTReh"
            color="gray"
          >
            6
          </button>
          <button
            class="sc-hKFxyN ekGPPR"
            color="gold"
          >
            -
          </button>
          <button
            class="sc-hKFxyN eZTReh"
            color="gray"
          >
            1
          </button>
          <button
            class="sc-hKFxyN eZTReh"
            color="gray"
          >
            2
          </button>
          <button
            class="sc-hKFxyN eZTReh"
            color="gray"
          >
            3
          </button>
          <button
            class="sc-hKFxyN ekGPPR"
            color="gold"
          >
            +
          </button>
          <button
            class="sc-hKFxyN isENax"
            color="gray"
          >
            0
          </button>
          <button
            class="sc-hKFxyN eZTReh"
            color="gray"
          >
            .
          </button>
          <button
            class="sc-hKFxyN ekGPPR"
            color="gold"
          >
            =
          </button>
        </div>
      </div>
    </div>
  </body>,
  "container": <div>
    <div
      class="sc-bdnxRM bNYgnN"
    >
      <div
        class="sc-gtsrHT liWHHl"
      >
        <div
          class="sc-dlnjwi ffTWPa"
        >
          0
        </div>
      </div>
      <div
        class="sc-eCApnc diESMJ"
      >
        <button
          class="sc-hKFxyN kSWias"
          color="darkGray"
        >
          AC
        </button>
        <button
          class="sc-hKFxyN kSWias"
          color="darkGray"
        >
          +/-
        </button>
        <button
          class="sc-hKFxyN kSWias"
          color="darkGray"
        >
          %
        </button>
        <button
          class="sc-hKFxyN ekGPPR"
          color="gold"
        >
          /
        </button>
        <button
          class="sc-hKFxyN eZTReh"
          color="gray"
        >
          7
        </button>
        <button
          class="sc-hKFxyN eZTReh"
          color="gray"
        >
          8
        </button>
        <button
          class="sc-hKFxyN eZTReh"
          color="gray"
        >
          9
        </button>
        <button
          class="sc-hKFxyN ekGPPR"
          color="gold"
        >
          X
        </button>
        <button
          class="sc-hKFxyN eZTReh"
          color="gray"
        >
          4
        </button>
        <button
          class="sc-hKFxyN eZTReh"
          color="gray"
        >
          5
        </button>
        <button
          class="sc-hKFxyN eZTReh"
          color="gray"
        >
          6
        </button>
        <button
          class="sc-hKFxyN ekGPPR"
          color="gold"
        >
          -
        </button>
        <button
          class="sc-hKFxyN eZTReh"
          color="gray"
        >
          1
        </button>
        <button
          class="sc-hKFxyN eZTReh"
          color="gray"
        >
          2
        </button>
        <button
          class="sc-hKFxyN eZTReh"
          color="gray"
        >
          3
        </button>
        <button
          class="sc-hKFxyN ekGPPR"
          color="gold"
        >
          +
        </button>
        <button
          class="sc-hKFxyN isENax"
          color="gray"
        >
          0
        </button>
        <button
          class="sc-hKFxyN eZTReh"
          color="gray"
        >
          .
        </button>
        <button
          class="sc-hKFxyN ekGPPR"
          color="gold"
        >
          =
        </button>
      </div>
    </div>
  </div>,
  "debug": [Function],
  "findAllByAltText": [Function],
  "findAllByDisplayValue": [Function],
  "findAllByLabelText": [Function],
  "findAllByPlaceholderText": [Function],
  "findAllByRole": [Function],
  "findAllByTestId": [Function],
  "findAllByText": [Function],
  "findAllByTitle": [Function],
  "findByAltText": [Function],
  "findByDisplayValue": [Function],
  "findByLabelText": [Function],
  "findByPlaceholderText": [Function],
  "findByRole": [Function],
  "findByTestId": [Function],
  "findByText": [Function],
  "findByTitle": [Function],
  "getAllByAltText": [Function],
  "getAllByDisplayValue": [Function],
  "getAllByLabelText": [Function],
  "getAllByPlaceholderText": [Function],
  "getAllByRole": [Function],
  "getAllByTestId": [Function],
  "getAllByText": [Function],
  "getAllByTitle": [Function],
  "getByAltText": [Function],
  "getByDisplayValue": [Function],
  "getByLabelText": [Function],
  "getByPlaceholderText": [Function],
  "getByRole": [Function],
  "getByTestId": [Function],
  "getByText": [Function],
  "getByTitle": [Function],
  "queryAllByAltText": [Function],
  "queryAllByDisplayValue": [Function],
  "queryAllByLabelText": [Function],
  "queryAllByPlaceholderText": [Function],
  "queryAllByRole": [Function],
  "queryAllByTestId": [Function],
  "queryAllByText": [Function],
  "queryAllByTitle": [Function],
  "queryByAltText": [Function],
  "queryByDisplayValue": [Function],
  "queryByLabelText": [Function],
  "queryByPlaceholderText": [Function],
  "queryByRole": [Function],
  "queryByTestId": [Function],
  "queryByText": [Function],
  "queryByTitle": [Function],
  "rerender": [Function],
  "unmount": [Function],
}
`;
